// Jest Snapshot v1, https://goo.gl/fbAQLP

exports[`constants should expose the expected entries 1`] = `
Object {
  "BUCKET_GEOJSON": "scenicroutes-geojson",
}
`;
