// Jest Snapshot v1, https://goo.gl/fbAQLP

exports[`models should expose the expected entries 1`] = `
Object {
  "AreaModel": [Function],
  "JobModel": [Function],
  "PhotoModel": [Function],
  "ZoneModel": [Function],
}
`;
