// Jest Snapshot v1, https://goo.gl/fbAQLP

exports[`index should expose the expected entries 1`] = `
Object {
  "DynamoDbDriver": [Function],
  "LambdaDriver": [Function],
  "S3Driver": [Function],
  "SqsDriver": [Function],
}
`;
