// Jest Snapshot v1, https://goo.gl/fbAQLP

exports[`index should expose the expected entries 1`] = `
Object {
  "DynamoDB": [Function],
  "Lambda": [Function],
  "S3": [Function],
  "SQS": [Function],
}
`;
